---
source: crates/parser/src/parts/types_test.rs
expression: kinds
---
[
    TYPE,
    FUNCTION_TYPE,
    RECEIVER_TYPE,
    TYPE_REFERENCE,
    USER_TYPE,
    SIMPLE_USER_TYPE,
    SIMPLE_IDENTIFIER,
    FUNCTION_TYPE_PARAMETERS,
    TYPE,
    TYPE_REFERENCE,
    USER_TYPE,
    SIMPLE_USER_TYPE,
    SIMPLE_IDENTIFIER,
    TYPE_ARGUMENTS,
    TYPE_PROJECTION,
    TYPE_PROJECTION_MODIFIERS,
    TYPE_PROJECTION_MODIFIER,
    VARIANCE_MODIFIER,
    TYPE,
    NULLABLE_TYPE,
    TYPE_REFERENCE,
    USER_TYPE,
    SIMPLE_USER_TYPE,
    SIMPLE_IDENTIFIER,
    QUEST,
    TYPE,
    FUNCTION_TYPE,
    FUNCTION_TYPE_PARAMETERS,
    TYPE,
    TYPE_REFERENCE,
    USER_TYPE,
    SIMPLE_USER_TYPE,
    SIMPLE_IDENTIFIER,
    TYPE,
    NULLABLE_TYPE,
    TYPE_REFERENCE,
    USER_TYPE,
    SIMPLE_USER_TYPE,
    SIMPLE_IDENTIFIER,
    TYPE_ARGUMENTS,
    TYPE_PROJECTION,
    TYPE_PROJECTION_MODIFIERS,
    TYPE_PROJECTION_MODIFIER,
    VARIANCE_MODIFIER,
    TYPE,
    TYPE_REFERENCE,
    USER_TYPE,
    SIMPLE_USER_TYPE,
    SIMPLE_IDENTIFIER,
    TYPE_PROJECTION,
    TYPE,
    NULLABLE_TYPE,
    TYPE_REFERENCE,
    USER_TYPE,
    SIMPLE_USER_TYPE,
    SIMPLE_IDENTIFIER,
    QUEST,
    QUEST,
]
