---
source: crates/lexer/tests/lexer.rs
expression: entries
---
[
    QUOTE_OPEN@0..1 => "\"",
    LINE_STR_TEXT@1..5 => "hey ",
    LINE_STR_EXPR_START@5..7 => "${",
    IDENTIFIER_TOKEN@7..11 => "echo",
    L_PAREN@11..12 => "(",
    QUOTE_OPEN@12..13 => "\"",
    LINE_STR_TEXT@13..17 => "test",
    QUOTE_CLOSE@17..18 => "\"",
    R_PAREN@18..19 => ")",
    R_CURL@19..20 => "}",
    LINE_STR_TEXT@20..29 => " stranger",
    QUOTE_CLOSE@29..30 => "\"",
    EOF@30..30 => "",
]
