---
source: crates/lexer/tests/lexer.rs
expression: entries
---
[
    NL@0..1 => "\n",
    REAL_LITERAL@1..15 => "0444.10_99e+4f",
    NL@15..16 => "\n",
    L_SQUARE@16..17 => "[",
    R_SQUARE@17..18 => "]",
    COMMA@18..19 => ",",
    DECR@19..21 => "--",
    NL@21..22 => "\n",
    DELIMITED_COMMENT@22..36 => "/* comments */",
    NL@36..37 => "\n",
    LINE_COMMENT@37..51 => "//line comment",
    NL@51..52 => "\n",
    SHEBANG_LINE_TOKEN@52..68 => "#! sh echo \"hey\"",
    NL@68..69 => "\n",
    IDENTIFIER_TOKEN@69..72 => "hey",
    NL@72..73 => "\n",
    BIN_LITERAL@73..82 => "0b101_010",
    NL@82..83 => "\n",
    HEX_LITERAL@83..90 => "0xff_ff",
    NL@90..91 => "\n",
    BOOLEAN_LITERAL@91..95 => "true",
    NL@95..96 => "\n",
    BOOLEAN_LITERAL@96..101 => "false",
    NL@101..102 => "\n",
    NULL_LITERAL@102..106 => "null",
    NL@106..107 => "\n",
    CHARACTER_LITERAL@107..110 => "'A'",
    NL@110..111 => "\n",
    CHARACTER_LITERAL@111..119 => "'\\uffac'",
    NL@119..120 => "\n",
    CHARACTER_LITERAL@120..124 => "'\\n'",
    NL@124..125 => "\n",
    THIS@125..129 => "this",
    NL@129..130 => "\n",
    THIS_AT@130..137 => "this@me",
    NL@137..138 => "\n",
    SUPER@138..143 => "super",
    NL@143..144 => "\n",
    EXCL_NO_WS@144..145 => "!",
    IN@145..147 => "in",
    LINE_COMMENT@147..156 => "//comment",
    NL@156..157 => "\n",
    AT_PRE_WS@157..167 => "/* pre */@",
    IDENTIFIER_TOKEN@167..170 => "man",
    NL@170..171 => "\n",
    IDENTIFIER_TOKEN@171..175 => "name",
    AT_POST_WS@175..184 => "@ // post",
    AT_BOTH_WS@184..195 => "\n@  // both",
    NL@195..196 => "\n",
    EXCL_NO_WS@196..197 => "!",
    IS@197..199 => "is",
    DELIMITED_COMMENT@199..212 => "/* comment */",
    NL@212..213 => "\n",
    VAR@213..216 => "var",
    WS@216..217 => " ",
    IDENTIFIER_TOKEN@217..221 => "name",
    COLON@221..222 => ":",
    WS@222..223 => " ",
    IDENTIFIER_TOKEN@223..229 => "String",
    QUEST_WS@229..240 => "?/*ddjjd*/ ",
    ASSIGNMENT_TOKEN@240..241 => "=",
    WS@241..242 => " ",
    NULL_LITERAL@242..246 => "null",
    SEMICOLON@246..247 => ";",
    NL@247..248 => "\n",
    VAR@248..251 => "var",
    WS@251..252 => " ",
    IDENTIFIER_TOKEN@252..257 => "name2",
    COLON@257..258 => ":",
    WS@258..259 => " ",
    IDENTIFIER_TOKEN@259..265 => "String",
    QUEST_WS@265..287 => "? /*ddjjd*/ // = null;",
    NL@287..288 => "\n",
    SUPER_AT@288..296 => "super@me",
    NL@296..297 => "\n",
    CONTINUE@297..305 => "continue",
    NL@305..306 => "\n",
    CONTINUE_AT@306..320 => "continue@where",
    NL@320..321 => "\n",
    RETURN@321..327 => "return",
    NL@327..328 => "\n",
    RETURN_AT@328..339 => "return@here",
    NL@339..340 => "\n",
    BREAK@340..345 => "break",
    NL@345..346 => "\n",
    BREAK_AT@346..355 => "break@now",
    NL@355..356 => "\n",
    IDENTIFIER_TOKEN@356..372 => "`backticks baby`",
    NL@372..373 => "\n",
    FUN@373..376 => "fun",
    WS@376..377 => " ",
    IDENTIFIER_TOKEN@377..382 => "hello",
    L_PAREN@382..383 => "(",
    R_PAREN@383..384 => ")",
    WS@384..385 => " ",
    ASSIGNMENT_TOKEN@385..386 => "=",
    WS@386..387 => " ",
    QUOTE_OPEN@387..388 => "\"",
    LINE_STR_TEXT@388..393 => "Hello",
    QUOTE_CLOSE@393..394 => "\"",
    NL@394..395 => "\n",
    VAR@395..398 => "var",
    WS@398..399 => " ",
    IDENTIFIER_TOKEN@399..405 => "funvar",
    WS@405..406 => " ",
    ASSIGNMENT_TOKEN@406..407 => "=",
    WS@407..408 => " ",
    INTEGER_LITERAL@408..409 => "3",
    NL@409..410 => "\n",
    TRIPLE_QUOTE_OPEN@410..413 => "\"\"\"",
    MULTI_LINE_STR_TEXT@413..432 => "\nsimple multi line\n",
    TRIPLE_QUOTE_CLOSE@432..435 => "\"\"\"",
    NL@435..436 => "\n",
    TRIPLE_QUOTE_OPEN@436..439 => "\"\"\"",
    MULTI_LINE_STR_TEXT@439..448 => "\ncomplex ",
    QUOTE_OPEN@448..449 => "\"",
    LINE_STR_TEXT@449..459 => "multi line",
    QUOTE_CLOSE@459..460 => "\"",
    MULTI_LINE_STR_TEXT@460..461 => "\n",
    MULTI_LINE_STRING_QUOTE@461..464 => "\"\"\"",
    TRIPLE_QUOTE_CLOSE@464..467 => "\"\"\"",
    NL@467..468 => "\n",
    EOF@468..468 => "",
]
