---
source: crates/lexer/tests/lexer.rs
assertion_line: 124
expression: entries
---
[
    NEWLINE@0..1 => "\n",
    REAL_LITERAL@1..15 => "0444.10_99e+4f",
    NEWLINE@15..16 => "\n",
    L_SQUARE@16..17 => "[",
    R_SQUARE@17..18 => "]",
    COMMA@18..19 => ",",
    DECR@19..21 => "--",
    NEWLINE@21..22 => "\n",
    DELIMITED_COMMENT@22..36 => "/* comments */",
    NEWLINE@36..37 => "\n",
    LINE_COMMENT@37..51 => "//line comment",
    NEWLINE@51..52 => "\n",
    SHEBANG_LINE@52..68 => "#! sh echo \"hey\"",
    NEWLINE@68..69 => "\n",
    IDENTIFIER_TOKEN@69..72 => "hey",
    NEWLINE@72..73 => "\n",
    BIN_LITERAL@73..82 => "0b101_010",
    NEWLINE@82..83 => "\n",
    HEX_LITERAL@83..90 => "0xff_ff",
    NEWLINE@90..91 => "\n",
    BOOLEAN_LITERAL@91..95 => "true",
    NEWLINE@95..96 => "\n",
    BOOLEAN_LITERAL@96..101 => "false",
    NEWLINE@101..102 => "\n",
    NULL_LITERAL@102..106 => "null",
    NEWLINE@106..107 => "\n",
    CHARACTER_LITERAL@107..110 => "'A'",
    NEWLINE@110..111 => "\n",
    CHARACTER_LITERAL@111..119 => "'\\uffac'",
    NEWLINE@119..120 => "\n",
    CHARACTER_LITERAL@120..124 => "'\\n'",
    NEWLINE@124..125 => "\n",
    THIS@125..129 => "this",
    NEWLINE@129..130 => "\n",
    THIS_AT@130..137 => "this@me",
    NEWLINE@137..138 => "\n",
    SUPER@138..143 => "super",
    NEWLINE@143..144 => "\n",
    EXCL_NO_WS@144..145 => "!",
    IN@145..147 => "in",
    LINE_COMMENT@147..156 => "//comment",
    NEWLINE@156..157 => "\n",
    DELIMITED_COMMENT@157..166 => "/* pre */",
    AT@166..167 => "@",
    IDENTIFIER_TOKEN@167..170 => "man",
    NEWLINE@170..171 => "\n",
    IDENTIFIER_TOKEN@171..175 => "name",
    AT@175..176 => "@",
    WHITESPACE@176..177 => " ",
    LINE_COMMENT@177..184 => "// post",
    NEWLINE@184..185 => "\n",
    AT@185..186 => "@",
    WHITESPACE@186..187 => " ",
    WHITESPACE@187..188 => " ",
    LINE_COMMENT@188..195 => "// both",
    NEWLINE@195..196 => "\n",
    EXCL_NO_WS@196..197 => "!",
    IS@197..199 => "is",
    DELIMITED_COMMENT@199..212 => "/* comment */",
    NEWLINE@212..213 => "\n",
    VAR@213..216 => "var",
    WHITESPACE@216..217 => " ",
    IDENTIFIER_TOKEN@217..221 => "name",
    COLON@221..222 => ":",
    WHITESPACE@222..223 => " ",
    IDENTIFIER_TOKEN@223..229 => "String",
    QUEST@229..230 => "?",
    DELIMITED_COMMENT@230..239 => "/*ddjjd*/",
    WHITESPACE@239..240 => " ",
    ASSIGNMENT@240..241 => "=",
    WHITESPACE@241..242 => " ",
    NULL_LITERAL@242..246 => "null",
    SEMICOLON@246..247 => ";",
    NEWLINE@247..248 => "\n",
    VAR@248..251 => "var",
    WHITESPACE@251..252 => " ",
    IDENTIFIER_TOKEN@252..257 => "name2",
    COLON@257..258 => ":",
    WHITESPACE@258..259 => " ",
    IDENTIFIER_TOKEN@259..265 => "String",
    QUEST@265..266 => "?",
    WHITESPACE@266..267 => " ",
    DELIMITED_COMMENT@267..276 => "/*ddjjd*/",
    WHITESPACE@276..277 => " ",
    LINE_COMMENT@277..287 => "// = null;",
    NEWLINE@287..288 => "\n",
    SUPER_AT@288..296 => "super@me",
    NEWLINE@296..297 => "\n",
    CONTINUE@297..305 => "continue",
    NEWLINE@305..306 => "\n",
    CONTINUE_AT@306..320 => "continue@where",
    NEWLINE@320..321 => "\n",
    RETURN@321..327 => "return",
    NEWLINE@327..328 => "\n",
    RETURN_AT@328..339 => "return@here",
    NEWLINE@339..340 => "\n",
    BREAK@340..345 => "break",
    NEWLINE@345..346 => "\n",
    BREAK_AT@346..355 => "break@now",
    NEWLINE@355..356 => "\n",
    IDENTIFIER_TOKEN@356..372 => "`backticks baby`",
    NEWLINE@372..373 => "\n",
    FUN@373..376 => "fun",
    WHITESPACE@376..377 => " ",
    IDENTIFIER_TOKEN@377..382 => "hello",
    L_PAREN@382..383 => "(",
    R_PAREN@383..384 => ")",
    WHITESPACE@384..385 => " ",
    ASSIGNMENT@385..386 => "=",
    WHITESPACE@386..387 => " ",
    QUOTE_OPEN@387..388 => "\"",
    LINE_STR_TEXT@388..393 => "Hello",
    QUOTE_CLOSE@393..394 => "\"",
    NEWLINE@394..395 => "\n",
    VAR@395..398 => "var",
    WHITESPACE@398..399 => " ",
    IDENTIFIER_TOKEN@399..405 => "funvar",
    WHITESPACE@405..406 => " ",
    ASSIGNMENT@406..407 => "=",
    WHITESPACE@407..408 => " ",
    INTEGER_LITERAL@408..409 => "3",
    NEWLINE@409..410 => "\n",
    TRIPLE_QUOTE_OPEN@410..413 => "\"\"\"",
    MULTI_LINE_STR_TEXT@413..432 => "\nsimple multi line\n",
    TRIPLE_QUOTE_CLOSE@432..435 => "\"\"\"",
    NEWLINE@435..436 => "\n",
    TRIPLE_QUOTE_OPEN@436..439 => "\"\"\"",
    MULTI_LINE_STR_TEXT@439..448 => "\ncomplex ",
    QUOTE_OPEN@448..449 => "\"",
    LINE_STR_TEXT@449..459 => "multi line",
    QUOTE_CLOSE@459..460 => "\"",
    MULTI_LINE_STR_TEXT@460..461 => "\n",
    MULTI_LINE_STRING_QUOTE@461..464 => "\"\"\"",
    TRIPLE_QUOTE_CLOSE@464..467 => "\"\"\"",
    NEWLINE@467..468 => "\n",
    EOF@468..468 => "",
]
